// Jest Snapshot v1, https://goo.gl/fbAQLP

exports[`Indeciosion Component should match Snapshot 1`] = `
<div>
  <h1>Indecision</h1><img src="https://via.placeholder.com/250" alt="bg">
  <div class="bg-dark"></div>
  <div class="container"><input type="text" placeholder="Question">
    <div style="display: none;">
      <p></p>
      <h1></h1>
    </div>
  </div>
</div>
`;
